node: * < F > * --> FPFMMFPF
config: 
	derivation: 3
	angle factor: 60
	scale factor: 1
	axiom: F
	ignore: B

derivation 0/3: F
derivation 1/3: FPFMMFPF
derivation 2/3: FPFMMFPFPFPFMMFPFMMFPFMMFPFPFPFMMFPF
derivation 3/3: FPFMMFPFPFPFMMFPFMMFPFMMFPFPFPFMMFPFPFPFMMFPFPFPFMMFPFMMFPFMMFPFPFPFMMFPFMMFPFMMFPFPFPFMMFPFMMFPFMMFPFPFPFMMFPFPFPFMMFPFPFPFMMFPFMMFPFMMFPFPFPFMMFPF
FPFMMFPFPFPFMMFPFMMFPFMMFPFPFPFMMFPFPFPFMMFPFPFPFMMFPFMMFPFMMFPFPFPFMMFPFMMFPFMMFPFPFPFMMFPFMMFPFMMFPFPFPFMMFPFPFPFMMFPFPFPFMMFPFMMFPFMMFPFPFPFMMFPF
